<?xml version="1.0" encoding="utf-8"?><testsuites><testsuite name="pytest" errors="0" failures="0" skipped="0" tests="8" time="1.996" timestamp="2025-05-06T00:41:46.267007-07:00" hostname="HCES22-36"><testcase classname="tests.game.test_game" name="test_game_initialization" time="0.400" /><testcase classname="tests.game.test_game" name="test_login_success" time="0.156" /><testcase classname="tests.game.test_game" name="test_login_failure" time="0.049" /><testcase classname="tests.integration.test_api" name="test_create_teacher" time="0.068" /><testcase classname="tests.integration.test_api" name="test_create_class" time="0.025" /><testcase classname="tests.integration.test_api" name="test_create_student" time="0.027" /><testcase classname="tests.unit.test_models" name="test_student_creation" time="0.017" /><testcase classname="tests.unit.test_models" name="test_student_validation" time="0.015" /></testsuite></testsuites>