<?xml version="1.0" encoding="utf-8"?><testsuites><testsuite name="pytest" errors="0" failures="0" skipped="0" tests="23" time="4.877" timestamp="2025-05-06T01:19:40.849759-07:00" hostname="HCES22-36"><testcase classname="tests.game.test_game" name="test_game_initialization" time="0.446" /><testcase classname="tests.game.test_game" name="test_matching_game_initialization" time="0.186" /><testcase classname="tests.game.test_game" name="test_card_flipping" time="0.014" /><testcase classname="tests.game.test_game" name="test_matching_pairs" time="0.014" /><testcase classname="tests.game.test_game" name="test_wrong_match" time="1.011" /><testcase classname="tests.game.test_game" name="test_game_completion" time="0.008" /><testcase classname="tests.game.test_game" name="test_invalid_login" time="0.038" /><testcase classname="tests.game.test_game" name="test_successful_login" time="0.122" /><testcase classname="tests.integration.test_api" name="test_create_teacher" time="0.045" /><testcase classname="tests.integration.test_api" name="test_create_class" time="0.020" /><testcase classname="tests.integration.test_api" name="test_create_student" time="0.028" /><testcase classname="tests.integration.test_api" name="test_create_teacher_invalid_data" time="0.015" /><testcase classname="tests.integration.test_api" name="test_create_teacher_duplicate_email" time="0.018" /><testcase classname="tests.integration.test_api" name="test_update_teacher_not_found" time="0.018" /><testcase classname="tests.integration.test_api" name="test_create_class_invalid_teacher" time="0.022" /><testcase classname="tests.integration.test_api" name="test_create_class_invalid_capacity" time="0.019" /><testcase classname="tests.integration.test_api" name="test_create_class_duplicate_id" time="0.024" /><testcase classname="tests.integration.test_api" name="test_create_student_invalid_class" time="0.017" /><testcase classname="tests.integration.test_api" name="test_create_student_duplicate_email" time="0.028" /><testcase classname="tests.integration.test_api" name="test_class_at_capacity" time="0.029" /><testcase classname="tests.integration.test_api" name="test_invalid_grade" time="0.023" /><testcase classname="tests.unit.test_models" name="test_student_creation" time="0.029" /><testcase classname="tests.unit.test_models" name="test_student_validation" time="0.016" /></testsuite></testsuites>